<html>
<body>
<pre>
<h1>µVision Build Log</h1>
<h2>Tool Versions:</h2>
IDE-Version: µVision V5.41.0.0
Copyright (C) 2024 ARM Ltd and ARM Germany GmbH. All rights reserved.
License Information: Phuc Le, abc, LIC=----
 
Tool Versions:
Toolchain:       MDK-Lite  Version: 5.41.0.0
Toolchain Path:  C:\Users\leloc\AppData\Local\Keil_v5\ARM\ARMCLANG\Bin
C Compiler:      ArmClang.exe V6.22
Assembler:       Armasm.exe V6.22
Linker/Locator:  ArmLink.exe V6.22
Library Manager: ArmAr.exe V6.22
Hex Converter:   FromElf.exe V6.22
CPU DLL:         SARMCM3.DLL V5.41.0.0
Dialog DLL:      DCM.DLL V1.17.5.0
Target DLL:      STLink\ST-LINKIII-KEIL_SWO.dll V3.3.0.0
Dialog DLL:      TCM.DLL V1.56.4.0
 
<h2>Project:</h2>
D:\EmbeddedSystem\OnlineCourses\EmbeddedInAutomotive\Content\EmbeddedInAutomotive\Bai1-SetupKeilC\Bai1-Project\Pj1-BlinkLed\Pj1-BlinkLed.uvprojx
Project File Date:  10/13/2024

<h2>Output:</h2>
*** Using Compiler 'V6.22', folder: 'C:\Users\leloc\AppData\Local\Keil_v5\ARM\ARMCLANG\Bin'
Build target 'Target_1'
main.c(4): warning: comparison of integers of different signs: 'int' and 'volatile uint32_t' (aka 'volatile unsigned int') [-Wsign-compare]
    4 |         for(int i=0; i < timedelay; i++){}
      |                      ~ ^ ~~~~~~~~~
1 warning generated.
compiling main.c...
linking...
Program Size: Code=540 RO-data=408 RW-data=0 ZI-data=1632  
FromELF: creating hex file...
".\Objects\Pj1-BlinkLed.axf" - 0 Error(s), 1 Warning(s).

<h2>Software Packages used:</h2>

Package Vendor: ARM
                https://www.keil.com/pack/ARM.CMSIS.6.1.0.pack
                ARM::CMSIS@6.1.0
                CMSIS (Common Microcontroller Software Interface Standard)
   * Component: CORE Version: 6.1.0

Package Vendor: Keil
                https://www.keil.com/pack/Keil.STM32L4xx_DFP.2.7.0.pack
                Keil::STM32L4xx_DFP@2.7.0
                STMicroelectronics STM32L4 Series Device Support, Drivers and Examples
   * Component: Startup Version: 1.3.2

<h2>Collection of Component include folders:</h2>
  ./RTE/_Target_1
  C:/Users/leloc/AppData/Local/Arm/Packs/ARM/CMSIS/6.1.0/CMSIS/Core/Include
  C:/Users/leloc/AppData/Local/Arm/Packs/Keil/STM32L4xx_DFP/2.7.0/Drivers/CMSIS/Device/ST/STM32L4xx/Include

<h2>Collection of Component Files used:</h2>

   * Component: ARM::CMSIS:CORE@6.1.0

   * Component: Keil::Device:Startup@1.3.2
      Source file:   Drivers/CMSIS/Device/ST/STM32L4xx/Source/Templates/arm/startup_stm32l476xx.s
      Include file:  Drivers/CMSIS/Device/ST/STM32L4xx/Include/stm32l4xx.h
      Source file:   MDK/Device/Source/ARM/STM32L4xx_DB_OPT.s
      Source file:   Drivers/CMSIS/Device/ST/STM32L4xx/Source/Templates/system_stm32l4xx.c
Build Time Elapsed:  00:00:00
</pre>
</body>
</html>
