<html>
<body>
<pre>
<h1>µVision Build Log</h1>
<h2>Tool Versions:</h2>
IDE-Version: µVision V5.41.0.0
Copyright (C) 2024 ARM Ltd and ARM Germany GmbH. All rights reserved.
License Information: Phuc Le, abc, LIC=----
 
Tool Versions:
Toolchain:       MDK-Lite  Version: 5.41.0.0
Toolchain Path:  C:\Users\leloc\AppData\Local\Keil_v5\ARM\ARMCLANG\Bin
C Compiler:      ArmClang.exe V6.22
Assembler:       Armasm.exe V6.22
Linker/Locator:  ArmLink.exe V6.22
Library Manager: ArmAr.exe V6.22
Hex Converter:   FromElf.exe V6.22
CPU DLL:         SARMCM3.DLL V5.41.0.0
Dialog DLL:      DCM.DLL V1.17.5.0
Target DLL:      STLink\ST-LINKIII-KEIL_SWO.dll V3.3.0.0
Dialog DLL:      TCM.DLL V1.56.4.0
 
<h2>Project:</h2>
D:\EmbeddedSystem\OnlineCourses\EmbeddedInAutomotive\Content\EmbeddedInAutomotive\BaiTapLon\BTLon-Project\backup\STM32L476_SDCard\MDK-ARM\STM32L476_SDCard.uvprojx
Project File Date:  11/23/2024

<h2>Output:</h2>
*** Using Compiler 'V6.22', folder: 'C:\Users\leloc\AppData\Local\Keil_v5\ARM\ARMCLANG\Bin'
Build target 'STM32L476_SDCard'
compiling main.c...
linking...
Program Size: Code=22320 RO-data=1692 RW-data=36 ZI-data=1964  
FromELF: creating hex file...
"STM32L476_SDCard\STM32L476_SDCard.axf" - 0 Error(s), 0 Warning(s).

<h2>Software Packages used:</h2>

Package Vendor: ARM
                https://www.keil.com/pack/ARM.CMSIS.6.1.0.pack
                ARM::CMSIS@6.1.0
                CMSIS (Common Microcontroller Software Interface Standard)
   * Component: CORE Version: 6.1.0

Package Vendor: Keil
                https://www.keil.com/pack/Keil.STM32L4xx_DFP.2.7.0.pack
                Keil::STM32L4xx_DFP@2.7.0
                STMicroelectronics STM32L4 Series Device Support, Drivers and Examples

<h2>Collection of Component include folders:</h2>
  ./RTE/_STM32L476_SDCard
  C:/Users/leloc/AppData/Local/Arm/Packs/ARM/CMSIS/6.1.0/CMSIS/Core/Include
  C:/Users/leloc/AppData/Local/Arm/Packs/Keil/STM32L4xx_DFP/2.7.0/Drivers/CMSIS/Device/ST/STM32L4xx/Include

<h2>Collection of Component Files used:</h2>

   * Component: ARM::CMSIS:CORE@6.1.0
      Include file:  CMSIS/Core/Include/tz_context.h
Build Time Elapsed:  00:00:02
</pre>
</body>
</html>
